
> maturion-isms@1.0.0 test /home/runner/work/maturion-isms/maturion-isms
> vitest run

[33mThe CJS build of Vite's Node API is deprecated. See https://vite.dev/guide/troubleshooting.html#vite-cjs-node-api-deprecated for more details.[39m

[7m[1m[36m RUN [39m[22m[27m [36mv1.6.1[39m [90m/home/runner/work/maturion-isms/maturion-isms[39m

 [32m✓[39m modules/mat/tests/audit-lifecycle/audit-lifecycle.test.ts[2m > [22mCAT-01: audit lifecycle[2m > [22mMAT-T-0001: Audit Creation
 [32m✓[39m modules/mat/tests/audit-lifecycle/audit-lifecycle.test.ts[2m > [22mCAT-01: audit lifecycle[2m > [22mMAT-T-0002: Audit Status Lifecycle
 [32m✓[39m modules/mat/tests/audit-lifecycle/audit-lifecycle.test.ts[2m > [22mCAT-01: audit lifecycle[2m > [22mMAT-T-0003: Audit Soft Deletion and Archival
 [32m✓[39m modules/mat/tests/audit-lifecycle/audit-lifecycle.test.ts[2m > [22mCAT-01: audit lifecycle[2m > [22mMAT-T-0038: Report Approval
 [32m✓[39m modules/mat/tests/audit-lifecycle/audit-lifecycle.test.ts[2m > [22mCAT-01: audit lifecycle[2m > [22mMAT-T-0045: Auditor Assignment Flow
 [32m✓[39m modules/mat/tests/audit-lifecycle/audit-lifecycle.test.ts[2m > [22mCAT-01: audit lifecycle[2m > [22mMAT-T-0046: Approval Authority
 [32m✓[39m modules/mat/tests/wiring-invariants/wiring-invariants.test.ts[2m > [22mCAT-11: wiring invariants[2m > [22mMAT-T-0079: Wiring Invariant — No Orphan Components
 [32m✓[39m modules/mat/tests/wiring-invariants/wiring-invariants.test.ts[2m > [22mCAT-11: wiring invariants[2m > [22mMAT-T-0080: Wiring Invariant — No Phantom Interfaces
 [32m✓[39m modules/mat/tests/wiring-invariants/wiring-invariants.test.ts[2m > [22mCAT-11: wiring invariants[2m > [22mMAT-T-0081: Wiring Invariant — No Implicit Connections
 [32m✓[39m modules/mat/tests/wiring-invariants/wiring-invariants.test.ts[2m > [22mCAT-11: wiring invariants[2m > [22mMAT-T-0082: Wiring Invariant — Directional Clarity
 [32m✓[39m modules/mat/tests/wiring-invariants/wiring-invariants.test.ts[2m > [22mCAT-11: wiring invariants[2m > [22mMAT-T-0083: Wiring Invariant — Failure Isolation
 [32m✓[39m modules/mat/tests/wiring-invariants/wiring-invariants.test.ts[2m > [22mCAT-11: wiring invariants[2m > [22mMAT-T-0084: Connection [A] — Frontend to Supabase Auth
 [32m✓[39m modules/mat/tests/wiring-invariants/wiring-invariants.test.ts[2m > [22mCAT-11: wiring invariants[2m > [22mMAT-T-0085: Connection [B] — Frontend to PostgREST + RLS
 [32m✓[39m modules/mat/tests/wiring-invariants/wiring-invariants.test.ts[2m > [22mCAT-11: wiring invariants[2m > [22mMAT-T-0086: Connection [C] — Realtime WebSocket Subscriptions
 [32m✓[39m modules/mat/tests/wiring-invariants/wiring-invariants.test.ts[2m > [22mCAT-11: wiring invariants[2m > [22mMAT-T-0087: Connection [D] — Frontend to Supabase Storage
 [32m✓[39m modules/mat/tests/wiring-invariants/wiring-invariants.test.ts[2m > [22mCAT-11: wiring invariants[2m > [22mMAT-T-0088: Connection [E] — Frontend to Edge Functions
 [32m✓[39m modules/mat/tests/wiring-invariants/wiring-invariants.test.ts[2m > [22mCAT-11: wiring invariants[2m > [22mMAT-T-0089: Connection [F] — Frontend to Service Worker
 [32m✓[39m modules/mat/tests/wiring-invariants/wiring-invariants.test.ts[2m > [22mCAT-11: wiring invariants[2m > [22mMAT-T-0090: Connection [G] — Edge Functions to AI Gateway
 [32m✓[39m modules/mat/tests/wiring-invariants/wiring-invariants.test.ts[2m > [22mCAT-11: wiring invariants[2m > [22mMAT-T-0091: Connection [H] — AI Gateway to PostgREST
 [32m✓[39m modules/mat/tests/wiring-invariants/wiring-invariants.test.ts[2m > [22mCAT-11: wiring invariants[2m > [22mMAT-T-0092: Connection [K] — AI Services to OpenAI API
 [32m✓[39m modules/mat/tests/wiring-invariants/wiring-invariants.test.ts[2m > [22mCAT-11: wiring invariants[2m > [22mMAT-T-0093: Connection [L] — Service Worker Sync to Supabase
 [32m✓[39m modules/mat/tests/wiring-invariants/wiring-invariants.test.ts[2m > [22mCAT-11: wiring invariants[2m > [22mMAT-T-0094: Startup Order Compliance
 [32m✓[39m modules/mat/tests/criteria-management/criteria-management.test.ts[2m > [22mCAT-02: criteria management[2m > [22mMAT-T-0004: Criteria Document Upload
 [32m✓[39m modules/mat/tests/criteria-management/criteria-management.test.ts[2m > [22mCAT-02: criteria management[2m > [22mMAT-T-0005: AI Criteria Parsing
 [32m✓[39m modules/mat/tests/criteria-management/criteria-management.test.ts[2m > [22mCAT-02: criteria management[2m > [22mMAT-T-0006: No-Hallucination Rule
 [32m✓[39m modules/mat/tests/criteria-management/criteria-management.test.ts[2m > [22mCAT-02: criteria management[2m > [22mMAT-T-0007: Coverage Rule
 [32m✓[39m modules/mat/tests/criteria-management/criteria-management.test.ts[2m > [22mCAT-02: criteria management[2m > [22mMAT-T-0008: Human Approval of Parsed Criteria
 [32m✓[39m modules/mat/tests/criteria-management/criteria-management.test.ts[2m > [22mCAT-02: criteria management[2m > [22mMAT-T-0009: Criteria Numbering Immutability
 [32m✓[39m modules/mat/tests/criteria-management/criteria-management.test.ts[2m > [22mCAT-02: criteria management[2m > [22mMAT-T-0012: Not Used Exclusion
 [32m✓[39m modules/mat/tests/criteria-management/criteria-management.test.ts[2m > [22mCAT-02: criteria management[2m > [22mMAT-T-0054: Criterion Status Tracking
 [31m×[39m modules/mat/tests/ai-services/ai-services.test.ts[2m > [22mCAT-04: ai services[2m > [22mMAT-T-0023: AI Maturity Scoring
[31m   → NOT_IMPLEMENTED: MAT-T-0023 — AI Maturity Scoring[39m
 [31m×[39m modules/mat/tests/ai-services/ai-services.test.ts[2m > [22mCAT-04: ai services[2m > [22mMAT-T-0024: Evidence-First Scoring Rule
[31m   → NOT_IMPLEMENTED: MAT-T-0024 — Evidence-First Scoring Rule[39m
 [31m×[39m modules/mat/tests/ai-services/ai-services.test.ts[2m > [22mCAT-04: ai services[2m > [22mMAT-T-0025: Human Score Confirmation
[31m   → NOT_IMPLEMENTED: MAT-T-0025 — Human Score Confirmation[39m
 [31m×[39m modules/mat/tests/ai-services/ai-services.test.ts[2m > [22mCAT-04: ai services[2m > [22mMAT-T-0026: Override Logging
[31m   → NOT_IMPLEMENTED: MAT-T-0026 — Override Logging[39m
 [31m×[39m modules/mat/tests/ai-services/ai-services.test.ts[2m > [22mCAT-04: ai services[2m > [22mMAT-T-0027: Maturity Model (5-Level)
[31m   → NOT_IMPLEMENTED: MAT-T-0027 — Maturity Model (5-Level)[39m
 [31m×[39m modules/mat/tests/ai-services/ai-services.test.ts[2m > [22mCAT-04: ai services[2m > [22mMAT-T-0028: AI Task Routing
[31m   → NOT_IMPLEMENTED: MAT-T-0028 — AI Task Routing[39m
 [31m×[39m modules/mat/tests/ai-services/ai-services.test.ts[2m > [22mCAT-04: ai services[2m > [22mMAT-T-0029: AI Invocation Logging
[31m   → NOT_IMPLEMENTED: MAT-T-0029 — AI Invocation Logging[39m
 [31m×[39m modules/mat/tests/ai-services/ai-services.test.ts[2m > [22mCAT-04: ai services[2m > [22mMAT-T-0030: AI Confidence Flagging
[31m   → NOT_IMPLEMENTED: MAT-T-0030 — AI Confidence Flagging[39m
 [31m×[39m modules/mat/tests/ai-services/ai-services.test.ts[2m > [22mCAT-04: ai services[2m > [22mMAT-T-0031: AI Rate Limiting
[31m   → NOT_IMPLEMENTED: MAT-T-0031 — AI Rate Limiting[39m
 [31m×[39m modules/mat/tests/ai-services/ai-services.test.ts[2m > [22mCAT-04: ai services[2m > [22mMAT-T-0032: AI Model Versioning
[31m   → NOT_IMPLEMENTED: MAT-T-0032 — AI Model Versioning[39m
 [31m×[39m modules/mat/tests/ai-services/ai-services.test.ts[2m > [22mCAT-04: ai services[2m > [22mMAT-T-0035: Report Generation
[31m   → NOT_IMPLEMENTED: MAT-T-0035 — Report Generation[39m
 [31m×[39m modules/mat/tests/ai-services/ai-services.test.ts[2m > [22mCAT-04: ai services[2m > [22mMAT-T-0036: Report Formats (DOCX/PDF/JSON)
[31m   → NOT_IMPLEMENTED: MAT-T-0036 — Report Formats (DOCX/PDF/JSON)[39m
 [31m×[39m modules/mat/tests/ai-services/ai-services.test.ts[2m > [22mCAT-04: ai services[2m > [22mMAT-T-0076: AI Service Failure — Circuit Breaker
[31m   → NOT_IMPLEMENTED: MAT-T-0076 — AI Service Failure — Circuit Breaker[39m
 [31m×[39m modules/mat/tests/ai-services/ai-services.test.ts[2m > [22mCAT-04: ai services[2m > [22mMAT-T-0077: AI Degraded Mode — Manual Scoring
[31m   → NOT_IMPLEMENTED: MAT-T-0077 — AI Degraded Mode — Manual Scoring[39m
 [31m×[39m modules/mat/tests/ui-accessibility/ui-accessibility.test.ts[2m > [22mCAT-10: ui accessibility[2m > [22mMAT-T-0010: Hierarchical Navigation
[31m   → NOT_IMPLEMENTED: MAT-T-0010 — Hierarchical Navigation[39m
 [31m×[39m modules/mat/tests/ui-accessibility/ui-accessibility.test.ts[2m > [22mCAT-10: ui accessibility[2m > [22mMAT-T-0011: Criteria Modal Component
[31m   → NOT_IMPLEMENTED: MAT-T-0011 — Criteria Modal Component[39m
 [31m×[39m modules/mat/tests/ui-accessibility/ui-accessibility.test.ts[2m > [22mCAT-10: ui accessibility[2m > [22mMAT-T-0033: Review Table Component
[31m   → NOT_IMPLEMENTED: MAT-T-0033 — Review Table Component[39m
 [31m×[39m modules/mat/tests/ui-accessibility/ui-accessibility.test.ts[2m > [22mCAT-10: ui accessibility[2m > [22mMAT-T-0034: Review Table Editing
[31m   → NOT_IMPLEMENTED: MAT-T-0034 — Review Table Editing[39m
 [31m×[39m modules/mat/tests/ui-accessibility/ui-accessibility.test.ts[2m > [22mCAT-10: ui accessibility[2m > [22mMAT-T-0039: Global Dashboard
[31m   → NOT_IMPLEMENTED: MAT-T-0039 — Global Dashboard[39m
 [31m×[39m modules/mat/tests/ui-accessibility/ui-accessibility.test.ts[2m > [22mCAT-10: ui accessibility[2m > [22mMAT-T-0040: Domain Dashboard
[31m   → NOT_IMPLEMENTED: MAT-T-0040 — Domain Dashboard[39m
 [31m×[39m modules/mat/tests/ui-accessibility/ui-accessibility.test.ts[2m > [22mCAT-10: ui accessibility[2m > [22mMAT-T-0041: MPS Dashboard
[31m   → NOT_IMPLEMENTED: MAT-T-0041 — MPS Dashboard[39m
 [31m×[39m modules/mat/tests/ui-accessibility/ui-accessibility.test.ts[2m > [22mCAT-10: ui accessibility[2m > [22mMAT-T-0042: Maturity Distribution Visualization
[31m   → NOT_IMPLEMENTED: MAT-T-0042 — Maturity Distribution Visualization[39m
 [31m×[39m modules/mat/tests/ui-accessibility/ui-accessibility.test.ts[2m > [22mCAT-10: ui accessibility[2m > [22mMAT-T-0061: Responsive Design — Desktop
[31m   → NOT_IMPLEMENTED: MAT-T-0061 — Responsive Design — Desktop[39m
 [31m×[39m modules/mat/tests/ui-accessibility/ui-accessibility.test.ts[2m > [22mCAT-10: ui accessibility[2m > [22mMAT-T-0062: Responsive Design — Tablet
[31m   → NOT_IMPLEMENTED: MAT-T-0062 — Responsive Design — Tablet[39m
 [31m×[39m modules/mat/tests/ui-accessibility/ui-accessibility.test.ts[2m > [22mCAT-10: ui accessibility[2m > [22mMAT-T-0063: Responsive Design — Mobile
[31m   → NOT_IMPLEMENTED: MAT-T-0063 — Responsive Design — Mobile[39m
 [31m×[39m modules/mat/tests/ui-accessibility/ui-accessibility.test.ts[2m > [22mCAT-10: ui accessibility[2m > [22mMAT-T-0065: Accessibility (WCAG 2.1 AA)
[31m   → NOT_IMPLEMENTED: MAT-T-0065 — Accessibility (WCAG 2.1 AA)[39m
 [31m×[39m modules/mat/tests/ui-accessibility/ui-accessibility.test.ts[2m > [22mCAT-10: ui accessibility[2m > [22mMAT-T-0066: Internationalization (i18n)
[31m   → NOT_IMPLEMENTED: MAT-T-0066 — Internationalization (i18n)[39m
 [32m✓[39m modules/mat/tests/security-rls/security-rls.test.ts[2m > [22mCAT-05: security rls[2m > [22mMAT-T-0043: RBAC Enforcement
 [32m✓[39m modules/mat/tests/security-rls/security-rls.test.ts[2m > [22mCAT-05: security rls[2m > [22mMAT-T-0044: Permission Inheritance
 [32m✓[39m modules/mat/tests/security-rls/security-rls.test.ts[2m > [22mCAT-05: security rls[2m > [22mMAT-T-0049: Authentication Flow
 [32m✓[39m modules/mat/tests/security-rls/security-rls.test.ts[2m > [22mCAT-05: security rls[2m > [22mMAT-T-0050: MFA Enforcement
 [32m✓[39m modules/mat/tests/security-rls/security-rls.test.ts[2m > [22mCAT-05: security rls[2m > [22mMAT-T-0051: Row-Level Security Policies
 [32m✓[39m modules/mat/tests/security-rls/security-rls.test.ts[2m > [22mCAT-05: security rls[2m > [22mMAT-T-0052: Audit Trail Immutability
 [32m✓[39m modules/mat/tests/security-rls/security-rls.test.ts[2m > [22mCAT-05: security rls[2m > [22mMAT-T-0053: Data Encryption (At Rest and In Transit)
 [32m✓[39m modules/mat/tests/security-rls/security-rls.test.ts[2m > [22mCAT-05: security rls[2m > [22mMAT-T-0095: Input Validation and Sanitization
 [32m✓[39m modules/mat/tests/security-rls/security-rls.test.ts[2m > [22mCAT-05: security rls[2m > [22mMAT-T-0096: API Security Headers and CORS
 [31m×[39m modules/mat/tests/evidence-collection/evidence-collection.test.ts[2m > [22mCAT-03: evidence collection[2m > [22mMAT-T-0013: Evidence Collection — Text and Document
[31m   → NOT_IMPLEMENTED: MAT-T-0013 — Evidence Collection — Text and Document[39m
 [31m×[39m modules/mat/tests/evidence-collection/evidence-collection.test.ts[2m > [22mCAT-03: evidence collection[2m > [22mMAT-T-0014: Evidence Collection — Voice Recording
[31m   → NOT_IMPLEMENTED: MAT-T-0014 — Evidence Collection — Voice Recording[39m
 [31m×[39m modules/mat/tests/evidence-collection/evidence-collection.test.ts[2m > [22mCAT-03: evidence collection[2m > [22mMAT-T-0015: Evidence Collection — Photo Capture
[31m   → NOT_IMPLEMENTED: MAT-T-0015 — Evidence Collection — Photo Capture[39m
 [31m×[39m modules/mat/tests/evidence-collection/evidence-collection.test.ts[2m > [22mCAT-03: evidence collection[2m > [22mMAT-T-0016: Evidence Collection — Video
[31m   → NOT_IMPLEMENTED: MAT-T-0016 — Evidence Collection — Video[39m
 [31m×[39m modules/mat/tests/evidence-collection/evidence-collection.test.ts[2m > [22mCAT-03: evidence collection[2m > [22mMAT-T-0017: Concurrent File Uploads
[31m   → NOT_IMPLEMENTED: MAT-T-0017 — Concurrent File Uploads[39m
 [31m×[39m modules/mat/tests/evidence-collection/evidence-collection.test.ts[2m > [22mCAT-03: evidence collection[2m > [22mMAT-T-0018: Evidence Integrity Verification
[31m   → NOT_IMPLEMENTED: MAT-T-0018 — Evidence Integrity Verification[39m
 [31m×[39m modules/mat/tests/evidence-collection/evidence-collection.test.ts[2m > [22mCAT-03: evidence collection[2m > [22mMAT-T-0019: Evidence Review and Status
[31m   → NOT_IMPLEMENTED: MAT-T-0019 — Evidence Review and Status[39m
 [31m×[39m modules/mat/tests/evidence-collection/evidence-collection.test.ts[2m > [22mCAT-03: evidence collection[2m > [22mMAT-T-0020: Criterion Interview Recording
[31m   → NOT_IMPLEMENTED: MAT-T-0020 — Criterion Interview Recording[39m
 [31m×[39m modules/mat/tests/evidence-collection/evidence-collection.test.ts[2m > [22mCAT-03: evidence collection[2m > [22mMAT-T-0021: Audit-Level Interview
[31m   → NOT_IMPLEMENTED: MAT-T-0021 — Audit-Level Interview[39m
 [31m×[39m modules/mat/tests/evidence-collection/evidence-collection.test.ts[2m > [22mCAT-03: evidence collection[2m > [22mMAT-T-0022: Interview Governance
[31m   → NOT_IMPLEMENTED: MAT-T-0022 — Interview Governance[39m
 [31m×[39m modules/mat/tests/evidence-collection/evidence-collection.test.ts[2m > [22mCAT-03: evidence collection[2m > [22mMAT-T-0078: Upload Failure and Retry
[31m   → NOT_IMPLEMENTED: MAT-T-0078 — Upload Failure and Retry[39m
 [31m×[39m modules/mat/tests/performance/performance.test.ts[2m > [22mCAT-08: performance[2m > [22mMAT-T-0071: Large Audit Compilation
[31m   → NOT_IMPLEMENTED: MAT-T-0071 — Large Audit Compilation[39m
 [31m×[39m modules/mat/tests/performance/performance.test.ts[2m > [22mCAT-08: performance[2m > [22mMAT-T-0072: Concurrent Auditor Support
[31m   → NOT_IMPLEMENTED: MAT-T-0072 — Concurrent Auditor Support[39m
 [31m×[39m modules/mat/tests/performance/performance.test.ts[2m > [22mCAT-08: performance[2m > [22mMAT-T-0073: Page Load Performance (LCP < 2.5s)
[31m   → NOT_IMPLEMENTED: MAT-T-0073 — Page Load Performance (LCP < 2.5s)[39m
 [31m×[39m modules/mat/tests/performance/performance.test.ts[2m > [22mCAT-08: performance[2m > [22mMAT-T-0074: API Response Time (< 200ms p95 CRUD)
[31m   → NOT_IMPLEMENTED: MAT-T-0074 — API Response Time (< 200ms p95 CRUD)[39m
 [31m×[39m modules/mat/tests/performance/performance.test.ts[2m > [22mCAT-08: performance[2m > [22mMAT-T-0075: AI Processing Performance
[31m   → NOT_IMPLEMENTED: MAT-T-0075 — AI Processing Performance[39m
 [31m×[39m modules/mat/tests/data-privacy-compliance/data-privacy-compliance.test.ts[2m > [22mCAT-12: data privacy compliance[2m > [22mMAT-T-0067: GDPR Compliance — DSAR and Erasure
[31m   → NOT_IMPLEMENTED: MAT-T-0067 — GDPR Compliance — DSAR and Erasure[39m
 [31m×[39m modules/mat/tests/data-privacy-compliance/data-privacy-compliance.test.ts[2m > [22mCAT-12: data privacy compliance[2m > [22mMAT-T-0068: POPIA Compliance
[31m   → NOT_IMPLEMENTED: MAT-T-0068 — POPIA Compliance[39m
 [31m×[39m modules/mat/tests/data-privacy-compliance/data-privacy-compliance.test.ts[2m > [22mCAT-12: data privacy compliance[2m > [22mMAT-T-0069: Data Retention Policy Enforcement
[31m   → NOT_IMPLEMENTED: MAT-T-0069 — Data Retention Policy Enforcement[39m
 [31m×[39m modules/mat/tests/data-privacy-compliance/data-privacy-compliance.test.ts[2m > [22mCAT-12: data privacy compliance[2m > [22mMAT-T-0070: Regulatory Standard Alignment
[31m   → NOT_IMPLEMENTED: MAT-T-0070 — Regulatory Standard Alignment[39m
 [31m×[39m modules/mat/tests/data-privacy-compliance/data-privacy-compliance.test.ts[2m > [22mCAT-12: data privacy compliance[2m > [22mMAT-T-0097: Consent Management
[31m   → NOT_IMPLEMENTED: MAT-T-0097 — Consent Management[39m
 [31m×[39m modules/mat/tests/watchdog-observability/watchdog-observability.test.ts[2m > [22mCAT-07: watchdog observability[2m > [22mMAT-T-0058: Watchdog Monitoring Metrics
[31m   → NOT_IMPLEMENTED: MAT-T-0058 — Watchdog Monitoring Metrics[39m
 [31m×[39m modules/mat/tests/watchdog-observability/watchdog-observability.test.ts[2m > [22mCAT-07: watchdog observability[2m > [22mMAT-T-0059: Watchdog Alert Thresholds
[31m   → NOT_IMPLEMENTED: MAT-T-0059 — Watchdog Alert Thresholds[39m
 [31m×[39m modules/mat/tests/watchdog-observability/watchdog-observability.test.ts[2m > [22mCAT-07: watchdog observability[2m > [22mMAT-T-0060: Override Analysis and Feedback Loop
[31m   → NOT_IMPLEMENTED: MAT-T-0060 — Override Analysis and Feedback Loop[39m
 [31m×[39m modules/mat/tests/watchdog-observability/watchdog-observability.test.ts[2m > [22mCAT-07: watchdog observability[2m > [22mMAT-T-0098: Dashboard Realtime Update Wiring
[31m   → NOT_IMPLEMENTED: MAT-T-0098 — Dashboard Realtime Update Wiring[39m
 [31m×[39m modules/mat/tests/integration/integration.test.ts[2m > [22mCAT-09: integration[2m > [22mMAT-T-0037: Excel Export
[31m   → NOT_IMPLEMENTED: MAT-T-0037 — Excel Export[39m
 [31m×[39m modules/mat/tests/integration/integration.test.ts[2m > [22mCAT-09: integration[2m > [22mMAT-T-0055: Extensibility and Plugin Architecture
[31m   → NOT_IMPLEMENTED: MAT-T-0055 — Extensibility and Plugin Architecture[39m
 [31m×[39m modules/mat/tests/integration/integration.test.ts[2m > [22mCAT-09: integration[2m > [22mMAT-T-0056: PIT Module Integration Export
[31m   → NOT_IMPLEMENTED: MAT-T-0056 — PIT Module Integration Export[39m
 [31m×[39m modules/mat/tests/integration/integration.test.ts[2m > [22mCAT-09: integration[2m > [22mMAT-T-0057: Maturity Roadmap Integration Export
[31m   → NOT_IMPLEMENTED: MAT-T-0057 — Maturity Roadmap Integration Export[39m
 [31m×[39m modules/mat/tests/offline-sync/offline-sync.test.ts[2m > [22mCAT-06: offline sync[2m > [22mMAT-T-0047: Offline Evidence Capture
[31m   → NOT_IMPLEMENTED: MAT-T-0047 — Offline Evidence Capture[39m
 [31m×[39m modules/mat/tests/offline-sync/offline-sync.test.ts[2m > [22mCAT-06: offline sync[2m > [22mMAT-T-0048: Auto Sync on Reconnect
[31m   → NOT_IMPLEMENTED: MAT-T-0048 — Auto Sync on Reconnect[39m
 [31m×[39m modules/mat/tests/offline-sync/offline-sync.test.ts[2m > [22mCAT-06: offline sync[2m > [22mMAT-T-0064: PWA Support
[31m   → NOT_IMPLEMENTED: MAT-T-0064 — PWA Support[39m

[31m⎯⎯⎯⎯⎯⎯[1m[7m Failed Tests 59 [27m[22m⎯⎯⎯⎯⎯⎯⎯[39m

[31m[1m[7m FAIL [27m[22m[39m modules/mat/tests/ai-services/ai-services.test.ts[2m > [22mCAT-04: ai services[2m > [22mMAT-T-0023: AI Maturity Scoring
[31m[1mError[22m: NOT_IMPLEMENTED: MAT-T-0023 — AI Maturity Scoring[39m
[36m [2m❯[22m modules/mat/tests/ai-services/ai-services.test.ts:[2m18:11[22m[39m
    [90m 16| [39m    [90m// TRS: TR-038[39m
    [90m 17| [39m    [90m// Type: integration | Priority: P0[39m
    [90m 18| [39m    [35mthrow[39m [35mnew[39m [33mError[39m([32m'NOT_IMPLEMENTED: MAT-T-0023 — AI Maturity Scoring[39m…
    [90m   | [39m          [31m^[39m
    [90m 19| [39m  })[33m;[39m
    [90m 20| [39m

[31m[2m⎯⎯⎯⎯⎯⎯⎯⎯⎯⎯⎯⎯⎯⎯⎯⎯⎯⎯⎯⎯⎯⎯⎯[1/59]⎯[22m[39m

[31m[1m[7m FAIL [27m[22m[39m modules/mat/tests/ai-services/ai-services.test.ts[2m > [22mCAT-04: ai services[2m > [22mMAT-T-0024: Evidence-First Scoring Rule
[31m[1mError[22m: NOT_IMPLEMENTED: MAT-T-0024 — Evidence-First Scoring Rule[39m
[36m [2m❯[22m modules/mat/tests/ai-services/ai-services.test.ts:[2m26:11[22m[39m
    [90m 24| [39m    [90m// TRS: TR-038[39m
    [90m 25| [39m    [90m// Type: unit | Priority: P0[39m
    [90m 26| [39m    [35mthrow[39m [35mnew[39m [33mError[39m([32m'NOT_IMPLEMENTED: MAT-T-0024 — Evidence-First Scor[39m…
    [90m   | [39m          [31m^[39m
    [90m 27| [39m  })[33m;[39m
    [90m 28| [39m

[31m[2m⎯⎯⎯⎯⎯⎯⎯⎯⎯⎯⎯⎯⎯⎯⎯⎯⎯⎯⎯⎯⎯⎯⎯[2/59]⎯[22m[39m

[31m[1m[7m FAIL [27m[22m[39m modules/mat/tests/ai-services/ai-services.test.ts[2m > [22mCAT-04: ai services[2m > [22mMAT-T-0025: Human Score Confirmation
[31m[1mError[22m: NOT_IMPLEMENTED: MAT-T-0025 — Human Score Confirmation[39m
[36m [2m❯[22m modules/mat/tests/ai-services/ai-services.test.ts:[2m34:11[22m[39m
    [90m 32| [39m    [90m// TRS: TR-038[39m
    [90m 33| [39m    [90m// Type: integration | Priority: P0[39m
    [90m 34| [39m    [35mthrow[39m [35mnew[39m [33mError[39m([32m'NOT_IMPLEMENTED: MAT-T-0025 — Human Score Confirm[39m…
    [90m   | [39m          [31m^[39m
    [90m 35| [39m  })[33m;[39m
    [90m 36| [39m

[31m[2m⎯⎯⎯⎯⎯⎯⎯⎯⎯⎯⎯⎯⎯⎯⎯⎯⎯⎯⎯⎯⎯⎯⎯[3/59]⎯[22m[39m

[31m[1m[7m FAIL [27m[22m[39m modules/mat/tests/ai-services/ai-services.test.ts[2m > [22mCAT-04: ai services[2m > [22mMAT-T-0026: Override Logging
[31m[1mError[22m: NOT_IMPLEMENTED: MAT-T-0026 — Override Logging[39m
[36m [2m❯[22m modules/mat/tests/ai-services/ai-services.test.ts:[2m42:11[22m[39m
    [90m 40| [39m    [90m// TRS: TR-025[39m
    [90m 41| [39m    [90m// Type: integration | Priority: P1[39m
    [90m 42| [39m    [35mthrow[39m [35mnew[39m [33mError[39m([32m'NOT_IMPLEMENTED: MAT-T-0026 — Override Logging'[39m)[33m;[39m
    [90m   | [39m          [31m^[39m
    [90m 43| [39m  })[33m;[39m
    [90m 44| [39m

[31m[2m⎯⎯⎯⎯⎯⎯⎯⎯⎯⎯⎯⎯⎯⎯⎯⎯⎯⎯⎯⎯⎯⎯⎯[4/59]⎯[22m[39m

[31m[1m[7m FAIL [27m[22m[39m modules/mat/tests/ai-services/ai-services.test.ts[2m > [22mCAT-04: ai services[2m > [22mMAT-T-0027: Maturity Model (5-Level)
[31m[1mError[22m: NOT_IMPLEMENTED: MAT-T-0027 — Maturity Model (5-Level)[39m
[36m [2m❯[22m modules/mat/tests/ai-services/ai-services.test.ts:[2m50:11[22m[39m
    [90m 48| [39m    [90m// TRS: TR-038[39m
    [90m 49| [39m    [90m// Type: unit | Priority: P0[39m
    [90m 50| [39m    [35mthrow[39m [35mnew[39m [33mError[39m([32m'NOT_IMPLEMENTED: MAT-T-0027 — Maturity Model (5-L[39m…
    [90m   | [39m          [31m^[39m
    [90m 51| [39m  })[33m;[39m
    [90m 52| [39m

[31m[2m⎯⎯⎯⎯⎯⎯⎯⎯⎯⎯⎯⎯⎯⎯⎯⎯⎯⎯⎯⎯⎯⎯⎯[5/59]⎯[22m[39m

[31m[1m[7m FAIL [27m[22m[39m modules/mat/tests/ai-services/ai-services.test.ts[2m > [22mCAT-04: ai services[2m > [22mMAT-T-0028: AI Task Routing
[31m[1mError[22m: NOT_IMPLEMENTED: MAT-T-0028 — AI Task Routing[39m
[36m [2m❯[22m modules/mat/tests/ai-services/ai-services.test.ts:[2m58:11[22m[39m
    [90m 56| [39m    [90m// TRS: TR-040[39m
    [90m 57| [39m    [90m// Type: integration | Priority: P0[39m
    [90m 58| [39m    [35mthrow[39m [35mnew[39m [33mError[39m([32m'NOT_IMPLEMENTED: MAT-T-0028 — AI Task Routing'[39m)[33m;[39m
    [90m   | [39m          [31m^[39m
    [90m 59| [39m  })[33m;[39m
    [90m 60| [39m

[31m[2m⎯⎯⎯⎯⎯⎯⎯⎯⎯⎯⎯⎯⎯⎯⎯⎯⎯⎯⎯⎯⎯⎯⎯[6/59]⎯[22m[39m

[31m[1m[7m FAIL [27m[22m[39m modules/mat/tests/ai-services/ai-services.test.ts[2m > [22mCAT-04: ai services[2m > [22mMAT-T-0029: AI Invocation Logging
[31m[1mError[22m: NOT_IMPLEMENTED: MAT-T-0029 — AI Invocation Logging[39m
[36m [2m❯[22m modules/mat/tests/ai-services/ai-services.test.ts:[2m66:11[22m[39m
    [90m 64| [39m    [90m// TRS: TR-017[39m
    [90m 65| [39m    [90m// Type: integration | Priority: P0[39m
    [90m 66| [39m    [35mthrow[39m [35mnew[39m [33mError[39m([32m'NOT_IMPLEMENTED: MAT-T-0029 — AI Invocation Loggi[39m…
    [90m   | [39m          [31m^[39m
    [90m 67| [39m  })[33m;[39m
    [90m 68| [39m

[31m[2m⎯⎯⎯⎯⎯⎯⎯⎯⎯⎯⎯⎯⎯⎯⎯⎯⎯⎯⎯⎯⎯⎯⎯[7/59]⎯[22m[39m

[31m[1m[7m FAIL [27m[22m[39m modules/mat/tests/ai-services/ai-services.test.ts[2m > [22mCAT-04: ai services[2m > [22mMAT-T-0030: AI Confidence Flagging
[31m[1mError[22m: NOT_IMPLEMENTED: MAT-T-0030 — AI Confidence Flagging[39m
[36m [2m❯[22m modules/mat/tests/ai-services/ai-services.test.ts:[2m74:11[22m[39m
    [90m 72| [39m    [90m// TRS: TR-038[39m
    [90m 73| [39m    [90m// Type: unit | Priority: P0[39m
    [90m 74| [39m    [35mthrow[39m [35mnew[39m [33mError[39m([32m'NOT_IMPLEMENTED: MAT-T-0030 — AI Confidence Flagg[39m…
    [90m   | [39m          [31m^[39m
    [90m 75| [39m  })[33m;[39m
    [90m 76| [39m

[31m[2m⎯⎯⎯⎯⎯⎯⎯⎯⎯⎯⎯⎯⎯⎯⎯⎯⎯⎯⎯⎯⎯⎯⎯[8/59]⎯[22m[39m

[31m[1m[7m FAIL [27m[22m[39m modules/mat/tests/ai-services/ai-services.test.ts[2m > [22mCAT-04: ai services[2m > [22mMAT-T-0031: AI Rate Limiting
[31m[1mError[22m: NOT_IMPLEMENTED: MAT-T-0031 — AI Rate Limiting[39m
[36m [2m❯[22m modules/mat/tests/ai-services/ai-services.test.ts:[2m82:11[22m[39m
    [90m 80| [39m    [90m// TRS: TR-041[39m
    [90m 81| [39m    [90m// Type: integration | Priority: P1[39m
    [90m 82| [39m    [35mthrow[39m [35mnew[39m [33mError[39m([32m'NOT_IMPLEMENTED: MAT-T-0031 — AI Rate Limiting'[39m)[33m;[39m
    [90m   | [39m          [31m^[39m
    [90m 83| [39m  })[33m;[39m
    [90m 84| [39m

[31m[2m⎯⎯⎯⎯⎯⎯⎯⎯⎯⎯⎯⎯⎯⎯⎯⎯⎯⎯⎯⎯⎯⎯⎯[9/59]⎯[22m[39m

[31m[1m[7m FAIL [27m[22m[39m modules/mat/tests/ai-services/ai-services.test.ts[2m > [22mCAT-04: ai services[2m > [22mMAT-T-0032: AI Model Versioning
[31m[1mError[22m: NOT_IMPLEMENTED: MAT-T-0032 — AI Model Versioning[39m
[36m [2m❯[22m modules/mat/tests/ai-services/ai-services.test.ts:[2m90:11[22m[39m
    [90m 88| [39m    [90m// TRS: TR-040[39m
    [90m 89| [39m    [90m// Type: unit | Priority: P1[39m
    [90m 90| [39m    [35mthrow[39m [35mnew[39m [33mError[39m([32m'NOT_IMPLEMENTED: MAT-T-0032 — AI Model Versioning[39m…
    [90m   | [39m          [31m^[39m
    [90m 91| [39m  })[33m;[39m
    [90m 92| [39m

[31m[2m⎯⎯⎯⎯⎯⎯⎯⎯⎯⎯⎯⎯⎯⎯⎯⎯⎯⎯⎯⎯⎯⎯[10/59]⎯[22m[39m

[31m[1m[7m FAIL [27m[22m[39m modules/mat/tests/ai-services/ai-services.test.ts[2m > [22mCAT-04: ai services[2m > [22mMAT-T-0035: Report Generation
[31m[1mError[22m: NOT_IMPLEMENTED: MAT-T-0035 — Report Generation[39m
[36m [2m❯[22m modules/mat/tests/ai-services/ai-services.test.ts:[2m98:11[22m[39m
    [90m 96| [39m    [90m// TRS: TR-042[39m
    [90m 97| [39m    [90m// Type: integration | Priority: P0[39m
    [90m 98| [39m    [35mthrow[39m [35mnew[39m [33mError[39m([32m'NOT_IMPLEMENTED: MAT-T-0035 — Report Generation'[39m)[33m;[39m
    [90m   | [39m          [31m^[39m
    [90m 99| [39m  })[33m;[39m
    [90m100| [39m

[31m[2m⎯⎯⎯⎯⎯⎯⎯⎯⎯⎯⎯⎯⎯⎯⎯⎯⎯⎯⎯⎯⎯⎯[11/59]⎯[22m[39m

[31m[1m[7m FAIL [27m[22m[39m modules/mat/tests/ai-services/ai-services.test.ts[2m > [22mCAT-04: ai services[2m > [22mMAT-T-0036: Report Formats (DOCX/PDF/JSON)
[31m[1mError[22m: NOT_IMPLEMENTED: MAT-T-0036 — Report Formats (DOCX/PDF/JSON)[39m
[36m [2m❯[22m modules/mat/tests/ai-services/ai-services.test.ts:[2m106:11[22m[39m
    [90m104| [39m    [90m// TRS: TR-042[39m
    [90m105| [39m    [90m// Type: integration | Priority: P0[39m
    [90m106| [39m    [35mthrow[39m [35mnew[39m [33mError[39m([32m'NOT_IMPLEMENTED: MAT-T-0036 — Report Formats (DOC[39m…
    [90m   | [39m          [31m^[39m
    [90m107| [39m  })[33m;[39m
    [90m108| [39m

[31m[2m⎯⎯⎯⎯⎯⎯⎯⎯⎯⎯⎯⎯⎯⎯⎯⎯⎯⎯⎯⎯⎯⎯[12/59]⎯[22m[39m

[31m[1m[7m FAIL [27m[22m[39m modules/mat/tests/ai-services/ai-services.test.ts[2m > [22mCAT-04: ai services[2m > [22mMAT-T-0076: AI Service Failure — Circuit Breaker
[31m[1mError[22m: NOT_IMPLEMENTED: MAT-T-0076 — AI Service Failure — Circuit Breaker[39m
[36m [2m❯[22m modules/mat/tests/ai-services/ai-services.test.ts:[2m114:11[22m[39m
    [90m112| [39m    [90m// TRS: TR-041[39m
    [90m113| [39m    [90m// Type: integration | Priority: P0[39m
    [90m114| [39m    [35mthrow[39m [35mnew[39m [33mError[39m([32m'NOT_IMPLEMENTED: MAT-T-0076 — AI Service Failure [39m…
    [90m   | [39m          [31m^[39m
    [90m115| [39m  })[33m;[39m
    [90m116| [39m

[31m[2m⎯⎯⎯⎯⎯⎯⎯⎯⎯⎯⎯⎯⎯⎯⎯⎯⎯⎯⎯⎯⎯⎯[13/59]⎯[22m[39m

[31m[1m[7m FAIL [27m[22m[39m modules/mat/tests/ai-services/ai-services.test.ts[2m > [22mCAT-04: ai services[2m > [22mMAT-T-0077: AI Degraded Mode — Manual Scoring
[31m[1mError[22m: NOT_IMPLEMENTED: MAT-T-0077 — AI Degraded Mode — Manual Scoring[39m
[36m [2m❯[22m modules/mat/tests/ai-services/ai-services.test.ts:[2m122:11[22m[39m
    [90m120| [39m    [90m// TRS: TR-041[39m
    [90m121| [39m    [90m// Type: integration | Priority: P0[39m
    [90m122| [39m    [35mthrow[39m [35mnew[39m [33mError[39m([32m'NOT_IMPLEMENTED: MAT-T-0077 — AI Degraded Mode — [39m…
    [90m   | [39m          [31m^[39m
    [90m123| [39m  })[33m;[39m
    [90m124| [39m})[33m;[39m

[31m[2m⎯⎯⎯⎯⎯⎯⎯⎯⎯⎯⎯⎯⎯⎯⎯⎯⎯⎯⎯⎯⎯⎯[14/59]⎯[22m[39m

[31m[1m[7m FAIL [27m[22m[39m modules/mat/tests/data-privacy-compliance/data-privacy-compliance.test.ts[2m > [22mCAT-12: data privacy compliance[2m > [22mMAT-T-0067: GDPR Compliance — DSAR and Erasure
[31m[1mError[22m: NOT_IMPLEMENTED: MAT-T-0067 — GDPR Compliance — DSAR and Erasure[39m
[36m [2m❯[22m modules/mat/tests/data-privacy-compliance/data-privacy-compliance.test.ts:[2m18:11[22m[39m
    [90m 16| [39m    [90m// TRS: TR-029[39m
    [90m 17| [39m    [90m// Type: integration | Priority: P0[39m
    [90m 18| [39m    [35mthrow[39m [35mnew[39m [33mError[39m([32m'NOT_IMPLEMENTED: MAT-T-0067 — GDPR Compliance — D[39m…
    [90m   | [39m          [31m^[39m
    [90m 19| [39m  })[33m;[39m
    [90m 20| [39m

[31m[2m⎯⎯⎯⎯⎯⎯⎯⎯⎯⎯⎯⎯⎯⎯⎯⎯⎯⎯⎯⎯⎯⎯[15/59]⎯[22m[39m

[31m[1m[7m FAIL [27m[22m[39m modules/mat/tests/data-privacy-compliance/data-privacy-compliance.test.ts[2m > [22mCAT-12: data privacy compliance[2m > [22mMAT-T-0068: POPIA Compliance
[31m[1mError[22m: NOT_IMPLEMENTED: MAT-T-0068 — POPIA Compliance[39m
[36m [2m❯[22m modules/mat/tests/data-privacy-compliance/data-privacy-compliance.test.ts:[2m26:11[22m[39m
    [90m 24| [39m    [90m// TRS: TR-030[39m
    [90m 25| [39m    [90m// Type: integration | Priority: P0[39m
    [90m 26| [39m    [35mthrow[39m [35mnew[39m [33mError[39m([32m'NOT_IMPLEMENTED: MAT-T-0068 — POPIA Compliance'[39m)[33m;[39m
    [90m   | [39m          [31m^[39m
    [90m 27| [39m  })[33m;[39m
    [90m 28| [39m

[31m[2m⎯⎯⎯⎯⎯⎯⎯⎯⎯⎯⎯⎯⎯⎯⎯⎯⎯⎯⎯⎯⎯⎯[16/59]⎯[22m[39m

[31m[1m[7m FAIL [27m[22m[39m modules/mat/tests/data-privacy-compliance/data-privacy-compliance.test.ts[2m > [22mCAT-12: data privacy compliance[2m > [22mMAT-T-0069: Data Retention Policy Enforcement
[31m[1mError[22m: NOT_IMPLEMENTED: MAT-T-0069 — Data Retention Policy Enforcement[39m
[36m [2m❯[22m modules/mat/tests/data-privacy-compliance/data-privacy-compliance.test.ts:[2m34:11[22m[39m
    [90m 32| [39m    [90m// TRS: TR-031[39m
    [90m 33| [39m    [90m// Type: integration | Priority: P0[39m
    [90m 34| [39m    [35mthrow[39m [35mnew[39m [33mError[39m([32m'NOT_IMPLEMENTED: MAT-T-0069 — Data Retention Poli[39m…
    [90m   | [39m          [31m^[39m
    [90m 35| [39m  })[33m;[39m
    [90m 36| [39m

[31m[2m⎯⎯⎯⎯⎯⎯⎯⎯⎯⎯⎯⎯⎯⎯⎯⎯⎯⎯⎯⎯⎯⎯[17/59]⎯[22m[39m

[31m[1m[7m FAIL [27m[22m[39m modules/mat/tests/data-privacy-compliance/data-privacy-compliance.test.ts[2m > [22mCAT-12: data privacy compliance[2m > [22mMAT-T-0070: Regulatory Standard Alignment
[31m[1mError[22m: NOT_IMPLEMENTED: MAT-T-0070 — Regulatory Standard Alignment[39m
[36m [2m❯[22m modules/mat/tests/data-privacy-compliance/data-privacy-compliance.test.ts:[2m42:11[22m[39m
    [90m 40| [39m    [90m// TRS: TR-032[39m
    [90m 41| [39m    [90m// Type: integration | Priority: P1[39m
    [90m 42| [39m    [35mthrow[39m [35mnew[39m [33mError[39m([32m'NOT_IMPLEMENTED: MAT-T-0070 — Regulatory Standard[39m…
    [90m   | [39m          [31m^[39m
    [90m 43| [39m  })[33m;[39m
    [90m 44| [39m

[31m[2m⎯⎯⎯⎯⎯⎯⎯⎯⎯⎯⎯⎯⎯⎯⎯⎯⎯⎯⎯⎯⎯⎯[18/59]⎯[22m[39m

[31m[1m[7m FAIL [27m[22m[39m modules/mat/tests/data-privacy-compliance/data-privacy-compliance.test.ts[2m > [22mCAT-12: data privacy compliance[2m > [22mMAT-T-0097: Consent Management
[31m[1mError[22m: NOT_IMPLEMENTED: MAT-T-0097 — Consent Management[39m
[36m [2m❯[22m modules/mat/tests/data-privacy-compliance/data-privacy-compliance.test.ts:[2m50:11[22m[39m
    [90m 48| [39m    [90m// TRS: TR-067[39m
    [90m 49| [39m    [90m// Type: integration | Priority: P0[39m
    [90m 50| [39m    [35mthrow[39m [35mnew[39m [33mError[39m([32m'NOT_IMPLEMENTED: MAT-T-0097 — Consent Management'[39m…
    [90m   | [39m          [31m^[39m
    [90m 51| [39m  })[33m;[39m
    [90m 52| [39m})[33m;[39m

[31m[2m⎯⎯⎯⎯⎯⎯⎯⎯⎯⎯⎯⎯⎯⎯⎯⎯⎯⎯⎯⎯⎯⎯[19/59]⎯[22m[39m

[31m[1m[7m FAIL [27m[22m[39m modules/mat/tests/evidence-collection/evidence-collection.test.ts[2m > [22mCAT-03: evidence collection[2m > [22mMAT-T-0013: Evidence Collection — Text and Document
[31m[1mError[22m: NOT_IMPLEMENTED: MAT-T-0013 — Evidence Collection — Text and Document[39m
[36m [2m❯[22m modules/mat/tests/evidence-collection/evidence-collection.test.ts:[2m18:11[22m[39m
    [90m 16| [39m    [90m// TRS: TR-013, TR-026[39m
    [90m 17| [39m    [90m// Type: integration | Priority: P0[39m
    [90m 18| [39m    [35mthrow[39m [35mnew[39m [33mError[39m([32m'NOT_IMPLEMENTED: MAT-T-0013 — Evidence Collection[39m…
    [90m   | [39m          [31m^[39m
    [90m 19| [39m  })[33m;[39m
    [90m 20| [39m

[31m[2m⎯⎯⎯⎯⎯⎯⎯⎯⎯⎯⎯⎯⎯⎯⎯⎯⎯⎯⎯⎯⎯⎯[20/59]⎯[22m[39m

[31m[1m[7m FAIL [27m[22m[39m modules/mat/tests/evidence-collection/evidence-collection.test.ts[2m > [22mCAT-03: evidence collection[2m > [22mMAT-T-0014: Evidence Collection — Voice Recording
[31m[1mError[22m: NOT_IMPLEMENTED: MAT-T-0014 — Evidence Collection — Voice Recording[39m
[36m [2m❯[22m modules/mat/tests/evidence-collection/evidence-collection.test.ts:[2m26:11[22m[39m
    [90m 24| [39m    [90m// TRS: TR-070[39m
    [90m 25| [39m    [90m// Type: integration | Priority: P0[39m
    [90m 26| [39m    [35mthrow[39m [35mnew[39m [33mError[39m([32m'NOT_IMPLEMENTED: MAT-T-0014 — Evidence Collection[39m…
    [90m   | [39m          [31m^[39m
    [90m 27| [39m  })[33m;[39m
    [90m 28| [39m

[31m[2m⎯⎯⎯⎯⎯⎯⎯⎯⎯⎯⎯⎯⎯⎯⎯⎯⎯⎯⎯⎯⎯⎯[21/59]⎯[22m[39m

[31m[1m[7m FAIL [27m[22m[39m modules/mat/tests/evidence-collection/evidence-collection.test.ts[2m > [22mCAT-03: evidence collection[2m > [22mMAT-T-0015: Evidence Collection — Photo Capture
[31m[1mError[22m: NOT_IMPLEMENTED: MAT-T-0015 — Evidence Collection — Photo Capture[39m
[36m [2m❯[22m modules/mat/tests/evidence-collection/evidence-collection.test.ts:[2m34:11[22m[39m
    [90m 32| [39m    [90m// TRS: TR-013[39m
    [90m 33| [39m    [90m// Type: integration | Priority: P0[39m
    [90m 34| [39m    [35mthrow[39m [35mnew[39m [33mError[39m([32m'NOT_IMPLEMENTED: MAT-T-0015 — Evidence Collection[39m…
    [90m   | [39m          [31m^[39m
    [90m 35| [39m  })[33m;[39m
    [90m 36| [39m

[31m[2m⎯⎯⎯⎯⎯⎯⎯⎯⎯⎯⎯⎯⎯⎯⎯⎯⎯⎯⎯⎯⎯⎯[22/59]⎯[22m[39m

[31m[1m[7m FAIL [27m[22m[39m modules/mat/tests/evidence-collection/evidence-collection.test.ts[2m > [22mCAT-03: evidence collection[2m > [22mMAT-T-0016: Evidence Collection — Video
[31m[1mError[22m: NOT_IMPLEMENTED: MAT-T-0016 — Evidence Collection — Video[39m
[36m [2m❯[22m modules/mat/tests/evidence-collection/evidence-collection.test.ts:[2m42:11[22m[39m
    [90m 40| [39m    [90m// TRS: TR-069[39m
    [90m 41| [39m    [90m// Type: integration | Priority: P0[39m
    [90m 42| [39m    [35mthrow[39m [35mnew[39m [33mError[39m([32m'NOT_IMPLEMENTED: MAT-T-0016 — Evidence Collection[39m…
    [90m   | [39m          [31m^[39m
    [90m 43| [39m  })[33m;[39m
    [90m 44| [39m

[31m[2m⎯⎯⎯⎯⎯⎯⎯⎯⎯⎯⎯⎯⎯⎯⎯⎯⎯⎯⎯⎯⎯⎯[23/59]⎯[22m[39m

[31m[1m[7m FAIL [27m[22m[39m modules/mat/tests/evidence-collection/evidence-collection.test.ts[2m > [22mCAT-03: evidence collection[2m > [22mMAT-T-0017: Concurrent File Uploads
[31m[1mError[22m: NOT_IMPLEMENTED: MAT-T-0017 — Concurrent File Uploads[39m
[36m [2m❯[22m modules/mat/tests/evidence-collection/evidence-collection.test.ts:[2m50:11[22m[39m
    [90m 48| [39m    [90m// TRS: TR-010[39m
    [90m 49| [39m    [90m// Type: performance | Priority: P1[39m
    [90m 50| [39m    [35mthrow[39m [35mnew[39m [33mError[39m([32m'NOT_IMPLEMENTED: MAT-T-0017 — Concurrent File Upl[39m…
    [90m   | [39m          [31m^[39m
    [90m 51| [39m  })[33m;[39m
    [90m 52| [39m

[31m[2m⎯⎯⎯⎯⎯⎯⎯⎯⎯⎯⎯⎯⎯⎯⎯⎯⎯⎯⎯⎯⎯⎯[24/59]⎯[22m[39m

[31m[1m[7m FAIL [27m[22m[39m modules/mat/tests/evidence-collection/evidence-collection.test.ts[2m > [22mCAT-03: evidence collection[2m > [22mMAT-T-0018: Evidence Integrity Verification
[31m[1mError[22m: NOT_IMPLEMENTED: MAT-T-0018 — Evidence Integrity Verification[39m
[36m [2m❯[22m modules/mat/tests/evidence-collection/evidence-collection.test.ts:[2m58:11[22m[39m
    [90m 56| [39m    [90m// TRS: TR-026[39m
    [90m 57| [39m    [90m// Type: integration | Priority: P0[39m
    [90m 58| [39m    [35mthrow[39m [35mnew[39m [33mError[39m([32m'NOT_IMPLEMENTED: MAT-T-0018 — Evidence Integrity [39m…
    [90m   | [39m          [31m^[39m
    [90m 59| [39m  })[33m;[39m
    [90m 60| [39m

[31m[2m⎯⎯⎯⎯⎯⎯⎯⎯⎯⎯⎯⎯⎯⎯⎯⎯⎯⎯⎯⎯⎯⎯[25/59]⎯[22m[39m

[31m[1m[7m FAIL [27m[22m[39m modules/mat/tests/evidence-collection/evidence-collection.test.ts[2m > [22mCAT-03: evidence collection[2m > [22mMAT-T-0019: Evidence Review and Status
[31m[1mError[22m: NOT_IMPLEMENTED: MAT-T-0019 — Evidence Review and Status[39m
[36m [2m❯[22m modules/mat/tests/evidence-collection/evidence-collection.test.ts:[2m66:11[22m[39m
    [90m 64| [39m    [90m// TRS: TR-012[39m
    [90m 65| [39m    [90m// Type: integration | Priority: P0[39m
    [90m 66| [39m    [35mthrow[39m [35mnew[39m [33mError[39m([32m'NOT_IMPLEMENTED: MAT-T-0019 — Evidence Review and[39m…
    [90m   | [39m          [31m^[39m
    [90m 67| [39m  })[33m;[39m
    [90m 68| [39m

[31m[2m⎯⎯⎯⎯⎯⎯⎯⎯⎯⎯⎯⎯⎯⎯⎯⎯⎯⎯⎯⎯⎯⎯[26/59]⎯[22m[39m

[31m[1m[7m FAIL [27m[22m[39m modules/mat/tests/evidence-collection/evidence-collection.test.ts[2m > [22mCAT-03: evidence collection[2m > [22mMAT-T-0020: Criterion Interview Recording
[31m[1mError[22m: NOT_IMPLEMENTED: MAT-T-0020 — Criterion Interview Recording[39m
[36m [2m❯[22m modules/mat/tests/evidence-collection/evidence-collection.test.ts:[2m74:11[22m[39m
    [90m 72| [39m    [90m// TRS: TR-039[39m
    [90m 73| [39m    [90m// Type: integration | Priority: P0[39m
    [90m 74| [39m    [35mthrow[39m [35mnew[39m [33mError[39m([32m'NOT_IMPLEMENTED: MAT-T-0020 — Criterion Interview[39m…
    [90m   | [39m          [31m^[39m
    [90m 75| [39m  })[33m;[39m
    [90m 76| [39m

[31m[2m⎯⎯⎯⎯⎯⎯⎯⎯⎯⎯⎯⎯⎯⎯⎯⎯⎯⎯⎯⎯⎯⎯[27/59]⎯[22m[39m

[31m[1m[7m FAIL [27m[22m[39m modules/mat/tests/evidence-collection/evidence-collection.test.ts[2m > [22mCAT-03: evidence collection[2m > [22mMAT-T-0021: Audit-Level Interview
[31m[1mError[22m: NOT_IMPLEMENTED: MAT-T-0021 — Audit-Level Interview[39m
[36m [2m❯[22m modules/mat/tests/evidence-collection/evidence-collection.test.ts:[2m82:11[22m[39m
    [90m 80| [39m    [90m// TRS: TR-039[39m
    [90m 81| [39m    [90m// Type: integration | Priority: P1[39m
    [90m 82| [39m    [35mthrow[39m [35mnew[39m [33mError[39m([32m'NOT_IMPLEMENTED: MAT-T-0021 — Audit-Level Intervi[39m…
    [90m   | [39m          [31m^[39m
    [90m 83| [39m  })[33m;[39m
    [90m 84| [39m

[31m[2m⎯⎯⎯⎯⎯⎯⎯⎯⎯⎯⎯⎯⎯⎯⎯⎯⎯⎯⎯⎯⎯⎯[28/59]⎯[22m[39m

[31m[1m[7m FAIL [27m[22m[39m modules/mat/tests/evidence-collection/evidence-collection.test.ts[2m > [22mCAT-03: evidence collection[2m > [22mMAT-T-0022: Interview Governance
[31m[1mError[22m: NOT_IMPLEMENTED: MAT-T-0022 — Interview Governance[39m
[36m [2m❯[22m modules/mat/tests/evidence-collection/evidence-collection.test.ts:[2m90:11[22m[39m
    [90m 88| [39m    [90m// TRS: TR-025[39m
    [90m 89| [39m    [90m// Type: integration | Priority: P0[39m
    [90m 90| [39m    [35mthrow[39m [35mnew[39m [33mError[39m([32m'NOT_IMPLEMENTED: MAT-T-0022 — Interview Governanc[39m…
    [90m   | [39m          [31m^[39m
    [90m 91| [39m  })[33m;[39m
    [90m 92| [39m

[31m[2m⎯⎯⎯⎯⎯⎯⎯⎯⎯⎯⎯⎯⎯⎯⎯⎯⎯⎯⎯⎯⎯⎯[29/59]⎯[22m[39m

[31m[1m[7m FAIL [27m[22m[39m modules/mat/tests/evidence-collection/evidence-collection.test.ts[2m > [22mCAT-03: evidence collection[2m > [22mMAT-T-0078: Upload Failure and Retry
[31m[1mError[22m: NOT_IMPLEMENTED: MAT-T-0078 — Upload Failure and Retry[39m
[36m [2m❯[22m modules/mat/tests/evidence-collection/evidence-collection.test.ts:[2m98:11[22m[39m
    [90m 96| [39m    [90m// TRS: TR-013[39m
    [90m 97| [39m    [90m// Type: integration | Priority: P0[39m
    [90m 98| [39m    [35mthrow[39m [35mnew[39m [33mError[39m([32m'NOT_IMPLEMENTED: MAT-T-0078 — Upload Failure and [39m…
    [90m   | [39m          [31m^[39m
    [90m 99| [39m  })[33m;[39m
    [90m100| [39m})[33m;[39m

[31m[2m⎯⎯⎯⎯⎯⎯⎯⎯⎯⎯⎯⎯⎯⎯⎯⎯⎯⎯⎯⎯⎯⎯[30/59]⎯[22m[39m

[31m[1m[7m FAIL [27m[22m[39m modules/mat/tests/integration/integration.test.ts[2m > [22mCAT-09: integration[2m > [22mMAT-T-0037: Excel Export
[31m[1mError[22m: NOT_IMPLEMENTED: MAT-T-0037 — Excel Export[39m
[36m [2m❯[22m modules/mat/tests/integration/integration.test.ts:[2m18:11[22m[39m
    [90m 16| [39m    [90m// TRS: TR-043[39m
    [90m 17| [39m    [90m// Type: integration | Priority: P0[39m
    [90m 18| [39m    [35mthrow[39m [35mnew[39m [33mError[39m([32m'NOT_IMPLEMENTED: MAT-T-0037 — Excel Export'[39m)[33m;[39m
    [90m   | [39m          [31m^[39m
    [90m 19| [39m  })[33m;[39m
    [90m 20| [39m

[31m[2m⎯⎯⎯⎯⎯⎯⎯⎯⎯⎯⎯⎯⎯⎯⎯⎯⎯⎯⎯⎯⎯⎯[31/59]⎯[22m[39m

[31m[1m[7m FAIL [27m[22m[39m modules/mat/tests/integration/integration.test.ts[2m > [22mCAT-09: integration[2m > [22mMAT-T-0055: Extensibility and Plugin Architecture
[31m[1mError[22m: NOT_IMPLEMENTED: MAT-T-0055 — Extensibility and Plugin Architecture[39m
[36m [2m❯[22m modules/mat/tests/integration/integration.test.ts:[2m26:11[22m[39m
    [90m 24| [39m    [90m// TRS: TR-006[39m
    [90m 25| [39m    [90m// Type: unit | Priority: P1[39m
    [90m 26| [39m    [35mthrow[39m [35mnew[39m [33mError[39m([32m'NOT_IMPLEMENTED: MAT-T-0055 — Extensibility and P[39m…
    [90m   | [39m          [31m^[39m
    [90m 27| [39m  })[33m;[39m
    [90m 28| [39m

[31m[2m⎯⎯⎯⎯⎯⎯⎯⎯⎯⎯⎯⎯⎯⎯⎯⎯⎯⎯⎯⎯⎯⎯[32/59]⎯[22m[39m

[31m[1m[7m FAIL [27m[22m[39m modules/mat/tests/integration/integration.test.ts[2m > [22mCAT-09: integration[2m > [22mMAT-T-0056: PIT Module Integration Export
[31m[1mError[22m: NOT_IMPLEMENTED: MAT-T-0056 — PIT Module Integration Export[39m
[36m [2m❯[22m modules/mat/tests/integration/integration.test.ts:[2m34:11[22m[39m
    [90m 32| [39m    [90m// TRS: TR-018[39m
    [90m 33| [39m    [90m// Type: integration | Priority: P2[39m
    [90m 34| [39m    [35mthrow[39m [35mnew[39m [33mError[39m([32m'NOT_IMPLEMENTED: MAT-T-0056 — PIT Module Integrat[39m…
    [90m   | [39m          [31m^[39m
    [90m 35| [39m  })[33m;[39m
    [90m 36| [39m

[31m[2m⎯⎯⎯⎯⎯⎯⎯⎯⎯⎯⎯⎯⎯⎯⎯⎯⎯⎯⎯⎯⎯⎯[33/59]⎯[22m[39m

[31m[1m[7m FAIL [27m[22m[39m modules/mat/tests/integration/integration.test.ts[2m > [22mCAT-09: integration[2m > [22mMAT-T-0057: Maturity Roadmap Integration Export
[31m[1mError[22m: NOT_IMPLEMENTED: MAT-T-0057 — Maturity Roadmap Integration Export[39m
[36m [2m❯[22m modules/mat/tests/integration/integration.test.ts:[2m42:11[22m[39m
    [90m 40| [39m    [90m// TRS: TR-019[39m
    [90m 41| [39m    [90m// Type: integration | Priority: P2[39m
    [90m 42| [39m    [35mthrow[39m [35mnew[39m [33mError[39m([32m'NOT_IMPLEMENTED: MAT-T-0057 — Maturity Roadmap In[39m…
    [90m   | [39m          [31m^[39m
    [90m 43| [39m  })[33m;[39m
    [90m 44| [39m})[33m;[39m

[31m[2m⎯⎯⎯⎯⎯⎯⎯⎯⎯⎯⎯⎯⎯⎯⎯⎯⎯⎯⎯⎯⎯⎯[34/59]⎯[22m[39m

[31m[1m[7m FAIL [27m[22m[39m modules/mat/tests/offline-sync/offline-sync.test.ts[2m > [22mCAT-06: offline sync[2m > [22mMAT-T-0047: Offline Evidence Capture
[31m[1mError[22m: NOT_IMPLEMENTED: MAT-T-0047 — Offline Evidence Capture[39m
[36m [2m❯[22m modules/mat/tests/offline-sync/offline-sync.test.ts:[2m18:11[22m[39m
    [90m 16| [39m    [90m// TRS: TR-015, TR-045[39m
    [90m 17| [39m    [90m// Type: integration | Priority: P0[39m
    [90m 18| [39m    [35mthrow[39m [35mnew[39m [33mError[39m([32m'NOT_IMPLEMENTED: MAT-T-0047 — Offline Evidence Ca[39m…
    [90m   | [39m          [31m^[39m
    [90m 19| [39m  })[33m;[39m
    [90m 20| [39m

[31m[2m⎯⎯⎯⎯⎯⎯⎯⎯⎯⎯⎯⎯⎯⎯⎯⎯⎯⎯⎯⎯⎯⎯[35/59]⎯[22m[39m

[31m[1m[7m FAIL [27m[22m[39m modules/mat/tests/offline-sync/offline-sync.test.ts[2m > [22mCAT-06: offline sync[2m > [22mMAT-T-0048: Auto Sync on Reconnect
[31m[1mError[22m: NOT_IMPLEMENTED: MAT-T-0048 — Auto Sync on Reconnect[39m
[36m [2m❯[22m modules/mat/tests/offline-sync/offline-sync.test.ts:[2m26:11[22m[39m
    [90m 24| [39m    [90m// TRS: TR-046[39m
    [90m 25| [39m    [90m// Type: integration | Priority: P0[39m
    [90m 26| [39m    [35mthrow[39m [35mnew[39m [33mError[39m([32m'NOT_IMPLEMENTED: MAT-T-0048 — Auto Sync on Reconn[39m…
    [90m   | [39m          [31m^[39m
    [90m 27| [39m  })[33m;[39m
    [90m 28| [39m

[31m[2m⎯⎯⎯⎯⎯⎯⎯⎯⎯⎯⎯⎯⎯⎯⎯⎯⎯⎯⎯⎯⎯⎯[36/59]⎯[22m[39m

[31m[1m[7m FAIL [27m[22m[39m modules/mat/tests/offline-sync/offline-sync.test.ts[2m > [22mCAT-06: offline sync[2m > [22mMAT-T-0064: PWA Support
[31m[1mError[22m: NOT_IMPLEMENTED: MAT-T-0064 — PWA Support[39m
[36m [2m❯[22m modules/mat/tests/offline-sync/offline-sync.test.ts:[2m34:11[22m[39m
    [90m 32| [39m    [90m// TRS: TR-036[39m
    [90m 33| [39m    [90m// Type: e2e | Priority: P1[39m
    [90m 34| [39m    [35mthrow[39m [35mnew[39m [33mError[39m([32m'NOT_IMPLEMENTED: MAT-T-0064 — PWA Support'[39m)[33m;[39m
    [90m   | [39m          [31m^[39m
    [90m 35| [39m  })[33m;[39m
    [90m 36| [39m})[33m;[39m

[31m[2m⎯⎯⎯⎯⎯⎯⎯⎯⎯⎯⎯⎯⎯⎯⎯⎯⎯⎯⎯⎯⎯⎯[37/59]⎯[22m[39m

[31m[1m[7m FAIL [27m[22m[39m modules/mat/tests/performance/performance.test.ts[2m > [22mCAT-08: performance[2m > [22mMAT-T-0071: Large Audit Compilation
[31m[1mError[22m: NOT_IMPLEMENTED: MAT-T-0071 — Large Audit Compilation[39m
[36m [2m❯[22m modules/mat/tests/performance/performance.test.ts:[2m18:11[22m[39m
    [90m 16| [39m    [90m// TRS: TR-010[39m
    [90m 17| [39m    [90m// Type: performance | Priority: P1[39m
    [90m 18| [39m    [35mthrow[39m [35mnew[39m [33mError[39m([32m'NOT_IMPLEMENTED: MAT-T-0071 — Large Audit Compila[39m…
    [90m   | [39m          [31m^[39m
    [90m 19| [39m  })[33m;[39m
    [90m 20| [39m

[31m[2m⎯⎯⎯⎯⎯⎯⎯⎯⎯⎯⎯⎯⎯⎯⎯⎯⎯⎯⎯⎯⎯⎯[38/59]⎯[22m[39m

[31m[1m[7m FAIL [27m[22m[39m modules/mat/tests/performance/performance.test.ts[2m > [22mCAT-08: performance[2m > [22mMAT-T-0072: Concurrent Auditor Support
[31m[1mError[22m: NOT_IMPLEMENTED: MAT-T-0072 — Concurrent Auditor Support[39m
[36m [2m❯[22m modules/mat/tests/performance/performance.test.ts:[2m26:11[22m[39m
    [90m 24| [39m    [90m// TRS: TR-010[39m
    [90m 25| [39m    [90m// Type: performance | Priority: P1[39m
    [90m 26| [39m    [35mthrow[39m [35mnew[39m [33mError[39m([32m'NOT_IMPLEMENTED: MAT-T-0072 — Concurrent Auditor [39m…
    [90m   | [39m          [31m^[39m
    [90m 27| [39m  })[33m;[39m
    [90m 28| [39m

[31m[2m⎯⎯⎯⎯⎯⎯⎯⎯⎯⎯⎯⎯⎯⎯⎯⎯⎯⎯⎯⎯⎯⎯[39/59]⎯[22m[39m

[31m[1m[7m FAIL [27m[22m[39m modules/mat/tests/performance/performance.test.ts[2m > [22mCAT-08: performance[2m > [22mMAT-T-0073: Page Load Performance (LCP < 2.5s)
[31m[1mError[22m: NOT_IMPLEMENTED: MAT-T-0073 — Page Load Performance (LCP < 2.5s)[39m
[36m [2m❯[22m modules/mat/tests/performance/performance.test.ts:[2m34:11[22m[39m
    [90m 32| [39m    [90m// TRS: TR-007[39m
    [90m 33| [39m    [90m// Type: performance | Priority: P0[39m
    [90m 34| [39m    [35mthrow[39m [35mnew[39m [33mError[39m([32m'NOT_IMPLEMENTED: MAT-T-0073 — Page Load Performan[39m…
    [90m   | [39m          [31m^[39m
    [90m 35| [39m  })[33m;[39m
    [90m 36| [39m

[31m[2m⎯⎯⎯⎯⎯⎯⎯⎯⎯⎯⎯⎯⎯⎯⎯⎯⎯⎯⎯⎯⎯⎯[40/59]⎯[22m[39m

[31m[1m[7m FAIL [27m[22m[39m modules/mat/tests/performance/performance.test.ts[2m > [22mCAT-08: performance[2m > [22mMAT-T-0074: API Response Time (< 200ms p95 CRUD)
[31m[1mError[22m: NOT_IMPLEMENTED: MAT-T-0074 — API Response Time (< 200ms p95 CRUD)[39m
[36m [2m❯[22m modules/mat/tests/performance/performance.test.ts:[2m42:11[22m[39m
    [90m 40| [39m    [90m// TRS: TR-008[39m
    [90m 41| [39m    [90m// Type: performance | Priority: P0[39m
    [90m 42| [39m    [35mthrow[39m [35mnew[39m [33mError[39m([32m'NOT_IMPLEMENTED: MAT-T-0074 — API Response Time ([39m…
    [90m   | [39m          [31m^[39m
    [90m 43| [39m  })[33m;[39m
    [90m 44| [39m

[31m[2m⎯⎯⎯⎯⎯⎯⎯⎯⎯⎯⎯⎯⎯⎯⎯⎯⎯⎯⎯⎯⎯⎯[41/59]⎯[22m[39m

[31m[1m[7m FAIL [27m[22m[39m modules/mat/tests/performance/performance.test.ts[2m > [22mCAT-08: performance[2m > [22mMAT-T-0075: AI Processing Performance
[31m[1mError[22m: NOT_IMPLEMENTED: MAT-T-0075 — AI Processing Performance[39m
[36m [2m❯[22m modules/mat/tests/performance/performance.test.ts:[2m50:11[22m[39m
    [90m 48| [39m    [90m// TRS: TR-009[39m
    [90m 49| [39m    [90m// Type: performance | Priority: P0[39m
    [90m 50| [39m    [35mthrow[39m [35mnew[39m [33mError[39m([32m'NOT_IMPLEMENTED: MAT-T-0075 — AI Processing Perfo[39m…
    [90m   | [39m          [31m^[39m
    [90m 51| [39m  })[33m;[39m
    [90m 52| [39m})[33m;[39m

[31m[2m⎯⎯⎯⎯⎯⎯⎯⎯⎯⎯⎯⎯⎯⎯⎯⎯⎯⎯⎯⎯⎯⎯[42/59]⎯[22m[39m

[31m[1m[7m FAIL [27m[22m[39m modules/mat/tests/ui-accessibility/ui-accessibility.test.ts[2m > [22mCAT-10: ui accessibility[2m > [22mMAT-T-0010: Hierarchical Navigation
[31m[1mError[22m: NOT_IMPLEMENTED: MAT-T-0010 — Hierarchical Navigation[39m
[36m [2m❯[22m modules/mat/tests/ui-accessibility/ui-accessibility.test.ts:[2m18:11[22m[39m
    [90m 16| [39m    [90m// TRS: TR-050[39m
    [90m 17| [39m    [90m// Type: e2e | Priority: P0[39m
    [90m 18| [39m    [35mthrow[39m [35mnew[39m [33mError[39m([32m'NOT_IMPLEMENTED: MAT-T-0010 — Hierarchical Naviga[39m…
    [90m   | [39m          [31m^[39m
    [90m 19| [39m  })[33m;[39m
    [90m 20| [39m

[31m[2m⎯⎯⎯⎯⎯⎯⎯⎯⎯⎯⎯⎯⎯⎯⎯⎯⎯⎯⎯⎯⎯⎯[43/59]⎯[22m[39m

[31m[1m[7m FAIL [27m[22m[39m modules/mat/tests/ui-accessibility/ui-accessibility.test.ts[2m > [22mCAT-10: ui accessibility[2m > [22mMAT-T-0011: Criteria Modal Component
[31m[1mError[22m: NOT_IMPLEMENTED: MAT-T-0011 — Criteria Modal Component[39m
[36m [2m❯[22m modules/mat/tests/ui-accessibility/ui-accessibility.test.ts:[2m26:11[22m[39m
    [90m 24| [39m    [90m// TRS: TR-047[39m
    [90m 25| [39m    [90m// Type: unit | Priority: P0[39m
    [90m 26| [39m    [35mthrow[39m [35mnew[39m [33mError[39m([32m'NOT_IMPLEMENTED: MAT-T-0011 — Criteria Modal Comp[39m…
    [90m   | [39m          [31m^[39m
    [90m 27| [39m  })[33m;[39m
    [90m 28| [39m

[31m[2m⎯⎯⎯⎯⎯⎯⎯⎯⎯⎯⎯⎯⎯⎯⎯⎯⎯⎯⎯⎯⎯⎯[44/59]⎯[22m[39m

[31m[1m[7m FAIL [27m[22m[39m modules/mat/tests/ui-accessibility/ui-accessibility.test.ts[2m > [22mCAT-10: ui accessibility[2m > [22mMAT-T-0033: Review Table Component
[31m[1mError[22m: NOT_IMPLEMENTED: MAT-T-0033 — Review Table Component[39m
[36m [2m❯[22m modules/mat/tests/ui-accessibility/ui-accessibility.test.ts:[2m34:11[22m[39m
    [90m 32| [39m    [90m// TRS: TR-044[39m
    [90m 33| [39m    [90m// Type: unit | Priority: P0[39m
    [90m 34| [39m    [35mthrow[39m [35mnew[39m [33mError[39m([32m'NOT_IMPLEMENTED: MAT-T-0033 — Review Table Compon[39m…
    [90m   | [39m          [31m^[39m
    [90m 35| [39m  })[33m;[39m
    [90m 36| [39m

[31m[2m⎯⎯⎯⎯⎯⎯⎯⎯⎯⎯⎯⎯⎯⎯⎯⎯⎯⎯⎯⎯⎯⎯[45/59]⎯[22m[39m

[31m[1m[7m FAIL [27m[22m[39m modules/mat/tests/ui-accessibility/ui-accessibility.test.ts[2m > [22mCAT-10: ui accessibility[2m > [22mMAT-T-0034: Review Table Editing
[31m[1mError[22m: NOT_IMPLEMENTED: MAT-T-0034 — Review Table Editing[39m
[36m [2m❯[22m modules/mat/tests/ui-accessibility/ui-accessibility.test.ts:[2m42:11[22m[39m
    [90m 40| [39m    [90m// TRS: TR-044[39m
    [90m 41| [39m    [90m// Type: unit | Priority: P0[39m
    [90m 42| [39m    [35mthrow[39m [35mnew[39m [33mError[39m([32m'NOT_IMPLEMENTED: MAT-T-0034 — Review Table Editin[39m…
    [90m   | [39m          [31m^[39m
    [90m 43| [39m  })[33m;[39m
    [90m 44| [39m

[31m[2m⎯⎯⎯⎯⎯⎯⎯⎯⎯⎯⎯⎯⎯⎯⎯⎯⎯⎯⎯⎯⎯⎯[46/59]⎯[22m[39m

[31m[1m[7m FAIL [27m[22m[39m modules/mat/tests/ui-accessibility/ui-accessibility.test.ts[2m > [22mCAT-10: ui accessibility[2m > [22mMAT-T-0039: Global Dashboard
[31m[1mError[22m: NOT_IMPLEMENTED: MAT-T-0039 — Global Dashboard[39m
[36m [2m❯[22m modules/mat/tests/ui-accessibility/ui-accessibility.test.ts:[2m50:11[22m[39m
    [90m 48| [39m    [90m// TRS: TR-048[39m
    [90m 49| [39m    [90m// Type: e2e | Priority: P0[39m
    [90m 50| [39m    [35mthrow[39m [35mnew[39m [33mError[39m([32m'NOT_IMPLEMENTED: MAT-T-0039 — Global Dashboard'[39m)[33m;[39m
    [90m   | [39m          [31m^[39m
    [90m 51| [39m  })[33m;[39m
    [90m 52| [39m

[31m[2m⎯⎯⎯⎯⎯⎯⎯⎯⎯⎯⎯⎯⎯⎯⎯⎯⎯⎯⎯⎯⎯⎯[47/59]⎯[22m[39m

[31m[1m[7m FAIL [27m[22m[39m modules/mat/tests/ui-accessibility/ui-accessibility.test.ts[2m > [22mCAT-10: ui accessibility[2m > [22mMAT-T-0040: Domain Dashboard
[31m[1mError[22m: NOT_IMPLEMENTED: MAT-T-0040 — Domain Dashboard[39m
[36m [2m❯[22m modules/mat/tests/ui-accessibility/ui-accessibility.test.ts:[2m58:11[22m[39m
    [90m 56| [39m    [90m// TRS: TR-048[39m
    [90m 57| [39m    [90m// Type: e2e | Priority: P0[39m
    [90m 58| [39m    [35mthrow[39m [35mnew[39m [33mError[39m([32m'NOT_IMPLEMENTED: MAT-T-0040 — Domain Dashboard'[39m)[33m;[39m
    [90m   | [39m          [31m^[39m
    [90m 59| [39m  })[33m;[39m
    [90m 60| [39m

[31m[2m⎯⎯⎯⎯⎯⎯⎯⎯⎯⎯⎯⎯⎯⎯⎯⎯⎯⎯⎯⎯⎯⎯[48/59]⎯[22m[39m

[31m[1m[7m FAIL [27m[22m[39m modules/mat/tests/ui-accessibility/ui-accessibility.test.ts[2m > [22mCAT-10: ui accessibility[2m > [22mMAT-T-0041: MPS Dashboard
[31m[1mError[22m: NOT_IMPLEMENTED: MAT-T-0041 — MPS Dashboard[39m
[36m [2m❯[22m modules/mat/tests/ui-accessibility/ui-accessibility.test.ts:[2m66:11[22m[39m
    [90m 64| [39m    [90m// TRS: TR-048[39m
    [90m 65| [39m    [90m// Type: e2e | Priority: P1[39m
    [90m 66| [39m    [35mthrow[39m [35mnew[39m [33mError[39m([32m'NOT_IMPLEMENTED: MAT-T-0041 — MPS Dashboard'[39m)[33m;[39m
    [90m   | [39m          [31m^[39m
    [90m 67| [39m  })[33m;[39m
    [90m 68| [39m

[31m[2m⎯⎯⎯⎯⎯⎯⎯⎯⎯⎯⎯⎯⎯⎯⎯⎯⎯⎯⎯⎯⎯⎯[49/59]⎯[22m[39m

[31m[1m[7m FAIL [27m[22m[39m modules/mat/tests/ui-accessibility/ui-accessibility.test.ts[2m > [22mCAT-10: ui accessibility[2m > [22mMAT-T-0042: Maturity Distribution Visualization
[31m[1mError[22m: NOT_IMPLEMENTED: MAT-T-0042 — Maturity Distribution Visualization[39m
[36m [2m❯[22m modules/mat/tests/ui-accessibility/ui-accessibility.test.ts:[2m74:11[22m[39m
    [90m 72| [39m    [90m// TRS: TR-048[39m
    [90m 73| [39m    [90m// Type: unit | Priority: P0[39m
    [90m 74| [39m    [35mthrow[39m [35mnew[39m [33mError[39m([32m'NOT_IMPLEMENTED: MAT-T-0042 — Maturity Distributi[39m…
    [90m   | [39m          [31m^[39m
    [90m 75| [39m  })[33m;[39m
    [90m 76| [39m

[31m[2m⎯⎯⎯⎯⎯⎯⎯⎯⎯⎯⎯⎯⎯⎯⎯⎯⎯⎯⎯⎯⎯⎯[50/59]⎯[22m[39m

[31m[1m[7m FAIL [27m[22m[39m modules/mat/tests/ui-accessibility/ui-accessibility.test.ts[2m > [22mCAT-10: ui accessibility[2m > [22mMAT-T-0061: Responsive Design — Desktop
[31m[1mError[22m: NOT_IMPLEMENTED: MAT-T-0061 — Responsive Design — Desktop[39m
[36m [2m❯[22m modules/mat/tests/ui-accessibility/ui-accessibility.test.ts:[2m82:11[22m[39m
    [90m 80| [39m    [90m// TRS: TR-034[39m
    [90m 81| [39m    [90m// Type: e2e | Priority: P0[39m
    [90m 82| [39m    [35mthrow[39m [35mnew[39m [33mError[39m([32m'NOT_IMPLEMENTED: MAT-T-0061 — Responsive Design —[39m…
    [90m   | [39m          [31m^[39m
    [90m 83| [39m  })[33m;[39m
    [90m 84| [39m

[31m[2m⎯⎯⎯⎯⎯⎯⎯⎯⎯⎯⎯⎯⎯⎯⎯⎯⎯⎯⎯⎯⎯⎯[51/59]⎯[22m[39m

[31m[1m[7m FAIL [27m[22m[39m modules/mat/tests/ui-accessibility/ui-accessibility.test.ts[2m > [22mCAT-10: ui accessibility[2m > [22mMAT-T-0062: Responsive Design — Tablet
[31m[1mError[22m: NOT_IMPLEMENTED: MAT-T-0062 — Responsive Design — Tablet[39m
[36m [2m❯[22m modules/mat/tests/ui-accessibility/ui-accessibility.test.ts:[2m90:11[22m[39m
    [90m 88| [39m    [90m// TRS: TR-034[39m
    [90m 89| [39m    [90m// Type: e2e | Priority: P0[39m
    [90m 90| [39m    [35mthrow[39m [35mnew[39m [33mError[39m([32m'NOT_IMPLEMENTED: MAT-T-0062 — Responsive Design —[39m…
    [90m   | [39m          [31m^[39m
    [90m 91| [39m  })[33m;[39m
    [90m 92| [39m

[31m[2m⎯⎯⎯⎯⎯⎯⎯⎯⎯⎯⎯⎯⎯⎯⎯⎯⎯⎯⎯⎯⎯⎯[52/59]⎯[22m[39m

[31m[1m[7m FAIL [27m[22m[39m modules/mat/tests/ui-accessibility/ui-accessibility.test.ts[2m > [22mCAT-10: ui accessibility[2m > [22mMAT-T-0063: Responsive Design — Mobile
[31m[1mError[22m: NOT_IMPLEMENTED: MAT-T-0063 — Responsive Design — Mobile[39m
[36m [2m❯[22m modules/mat/tests/ui-accessibility/ui-accessibility.test.ts:[2m98:11[22m[39m
    [90m 96| [39m    [90m// TRS: TR-034[39m
    [90m 97| [39m    [90m// Type: e2e | Priority: P0[39m
    [90m 98| [39m    [35mthrow[39m [35mnew[39m [33mError[39m([32m'NOT_IMPLEMENTED: MAT-T-0063 — Responsive Design —[39m…
    [90m   | [39m          [31m^[39m
    [90m 99| [39m  })[33m;[39m
    [90m100| [39m

[31m[2m⎯⎯⎯⎯⎯⎯⎯⎯⎯⎯⎯⎯⎯⎯⎯⎯⎯⎯⎯⎯⎯⎯[53/59]⎯[22m[39m

[31m[1m[7m FAIL [27m[22m[39m modules/mat/tests/ui-accessibility/ui-accessibility.test.ts[2m > [22mCAT-10: ui accessibility[2m > [22mMAT-T-0065: Accessibility (WCAG 2.1 AA)
[31m[1mError[22m: NOT_IMPLEMENTED: MAT-T-0065 — Accessibility (WCAG 2.1 AA)[39m
[36m [2m❯[22m modules/mat/tests/ui-accessibility/ui-accessibility.test.ts:[2m106:11[22m[39m
    [90m104| [39m    [90m// TRS: TR-033[39m
    [90m105| [39m    [90m// Type: e2e | Priority: P1[39m
    [90m106| [39m    [35mthrow[39m [35mnew[39m [33mError[39m([32m'NOT_IMPLEMENTED: MAT-T-0065 — Accessibility (WCAG[39m…
    [90m   | [39m          [31m^[39m
    [90m107| [39m  })[33m;[39m
    [90m108| [39m

[31m[2m⎯⎯⎯⎯⎯⎯⎯⎯⎯⎯⎯⎯⎯⎯⎯⎯⎯⎯⎯⎯⎯⎯[54/59]⎯[22m[39m

[31m[1m[7m FAIL [27m[22m[39m modules/mat/tests/ui-accessibility/ui-accessibility.test.ts[2m > [22mCAT-10: ui accessibility[2m > [22mMAT-T-0066: Internationalization (i18n)
[31m[1mError[22m: NOT_IMPLEMENTED: MAT-T-0066 — Internationalization (i18n)[39m
[36m [2m❯[22m modules/mat/tests/ui-accessibility/ui-accessibility.test.ts:[2m114:11[22m[39m
    [90m112| [39m    [90m// TRS: TR-035[39m
    [90m113| [39m    [90m// Type: unit | Priority: P1[39m
    [90m114| [39m    [35mthrow[39m [35mnew[39m [33mError[39m([32m'NOT_IMPLEMENTED: MAT-T-0066 — Internationalizatio[39m…
    [90m   | [39m          [31m^[39m
    [90m115| [39m  })[33m;[39m
    [90m116| [39m})[33m;[39m

[31m[2m⎯⎯⎯⎯⎯⎯⎯⎯⎯⎯⎯⎯⎯⎯⎯⎯⎯⎯⎯⎯⎯⎯[55/59]⎯[22m[39m

[31m[1m[7m FAIL [27m[22m[39m modules/mat/tests/watchdog-observability/watchdog-observability.test.ts[2m > [22mCAT-07: watchdog observability[2m > [22mMAT-T-0058: Watchdog Monitoring Metrics
[31m[1mError[22m: NOT_IMPLEMENTED: MAT-T-0058 — Watchdog Monitoring Metrics[39m
[36m [2m❯[22m modules/mat/tests/watchdog-observability/watchdog-observability.test.ts:[2m18:11[22m[39m
    [90m 16| [39m    [90m// TRS: TR-062[39m
    [90m 17| [39m    [90m// Type: integration | Priority: P1[39m
    [90m 18| [39m    [35mthrow[39m [35mnew[39m [33mError[39m([32m'NOT_IMPLEMENTED: MAT-T-0058 — Watchdog Monitoring[39m…
    [90m   | [39m          [31m^[39m
    [90m 19| [39m  })[33m;[39m
    [90m 20| [39m

[31m[2m⎯⎯⎯⎯⎯⎯⎯⎯⎯⎯⎯⎯⎯⎯⎯⎯⎯⎯⎯⎯⎯⎯[56/59]⎯[22m[39m

[31m[1m[7m FAIL [27m[22m[39m modules/mat/tests/watchdog-observability/watchdog-observability.test.ts[2m > [22mCAT-07: watchdog observability[2m > [22mMAT-T-0059: Watchdog Alert Thresholds
[31m[1mError[22m: NOT_IMPLEMENTED: MAT-T-0059 — Watchdog Alert Thresholds[39m
[36m [2m❯[22m modules/mat/tests/watchdog-observability/watchdog-observability.test.ts:[2m26:11[22m[39m
    [90m 24| [39m    [90m// TRS: TR-062[39m
    [90m 25| [39m    [90m// Type: integration | Priority: P1[39m
    [90m 26| [39m    [35mthrow[39m [35mnew[39m [33mError[39m([32m'NOT_IMPLEMENTED: MAT-T-0059 — Watchdog Alert Thre[39m…
    [90m   | [39m          [31m^[39m
    [90m 27| [39m  })[33m;[39m
    [90m 28| [39m

[31m[2m⎯⎯⎯⎯⎯⎯⎯⎯⎯⎯⎯⎯⎯⎯⎯⎯⎯⎯⎯⎯⎯⎯[57/59]⎯[22m[39m

[31m[1m[7m FAIL [27m[22m[39m modules/mat/tests/watchdog-observability/watchdog-observability.test.ts[2m > [22mCAT-07: watchdog observability[2m > [22mMAT-T-0060: Override Analysis and Feedback Loop
[31m[1mError[22m: NOT_IMPLEMENTED: MAT-T-0060 — Override Analysis and Feedback Loop[39m
[36m [2m❯[22m modules/mat/tests/watchdog-observability/watchdog-observability.test.ts:[2m34:11[22m[39m
    [90m 32| [39m    [90m// TRS: TR-062[39m
    [90m 33| [39m    [90m// Type: integration | Priority: P1[39m
    [90m 34| [39m    [35mthrow[39m [35mnew[39m [33mError[39m([32m'NOT_IMPLEMENTED: MAT-T-0060 — Override Analysis a[39m…
    [90m   | [39m          [31m^[39m
    [90m 35| [39m  })[33m;[39m
    [90m 36| [39m

[31m[2m⎯⎯⎯⎯⎯⎯⎯⎯⎯⎯⎯⎯⎯⎯⎯⎯⎯⎯⎯⎯⎯⎯[58/59]⎯[22m[39m

[31m[1m[7m FAIL [27m[22m[39m modules/mat/tests/watchdog-observability/watchdog-observability.test.ts[2m > [22mCAT-07: watchdog observability[2m > [22mMAT-T-0098: Dashboard Realtime Update Wiring
[31m[1mError[22m: NOT_IMPLEMENTED: MAT-T-0098 — Dashboard Realtime Update Wiring[39m
[36m [2m❯[22m modules/mat/tests/watchdog-observability/watchdog-observability.test.ts:[2m42:11[22m[39m
    [90m 40| [39m    [90m// TRS: TR-016[39m
    [90m 41| [39m    [90m// Type: integration | Priority: P0[39m
    [90m 42| [39m    [35mthrow[39m [35mnew[39m [33mError[39m([32m'NOT_IMPLEMENTED: MAT-T-0098 — Dashboard Realtime [39m…
    [90m   | [39m          [31m^[39m
    [90m 43| [39m  })[33m;[39m
    [90m 44| [39m})[33m;[39m

[31m[2m⎯⎯⎯⎯⎯⎯⎯⎯⎯⎯⎯⎯⎯⎯⎯⎯⎯⎯⎯⎯⎯⎯[59/59]⎯[22m[39m

[2m Test Files [22m [1m[31m8 failed[39m[22m[2m | [22m[1m[32m4 passed[39m[22m[90m (12)[39m
[2m      Tests [22m [1m[31m59 failed[39m[22m[2m | [22m[1m[32m39 passed[39m[22m[90m (98)[39m
[2m   Start at [22m 14:31:43
[2m   Duration [22m 1.41s[2m (transform 255ms, setup 1ms, collect 416ms, tests 114ms, environment 4ms, prepare 1.30s)[22m

 ELIFECYCLE  Test failed. See above for more details.
